// Jest Snapshot v1, https://goo.gl/fbAQLP

exports[`render Carousel 1`] = `
<View
  style={
    {
      "flex": 1,
    }
  }
>
  <Carousel
    autoPlay={true}
    autoPlayInterval={1500}
    data={
      [
        "#fda282",
        "#fdba4e",
        "#800015",
      ]
    }
    height={900}
    loop={true}
    renderItem={[Function]}
    testID="CAROUSEL_ITEM_0_READY"
    vertical={false}
    width={750}
    withAnimation={
      {
        "config": {
          "damping": 13,
        },
        "type": "spring",
      }
    }
  />
  <View
    accessibilityRole="button"
    accessibilityState={
      {
        "busy": undefined,
        "checked": undefined,
        "disabled": undefined,
        "expanded": undefined,
        "selected": undefined,
      }
    }
    accessibilityValue={
      {
        "max": undefined,
        "min": undefined,
        "now": undefined,
        "text": undefined,
      }
    }
    accessible={true}
    collapsable={false}
    focusable={true}
    onClick={[Function]}
    onResponderGrant={[Function]}
    onResponderMove={[Function]}
    onResponderRelease={[Function]}
    onResponderTerminate={[Function]}
    onResponderTerminationRequest={[Function]}
    onStartShouldSetResponder={[Function]}
    style={
      {
        "opacity": 1,
      }
    }
  >
    <View
      style={
        [
          {},
        ]
      }
    >
      <Text
        style={
          [
            {
              "color": "#007AFF",
              "fontSize": 18,
              "margin": 8,
              "textAlign": "center",
            },
            {
              "color": "red",
            },
          ]
        }
      >
        Turn off autoplay
      </Text>
    </View>
  </View>
</View>
`;

exports[`renders %s correctly 1`] = `
<View
  style={
    {
      "flex": 1,
    }
  }
>
  <Carousel
    autoPlay={true}
    autoPlayInterval={1500}
    data={
      [
        "#fda282",
        "#fdba4e",
        "#800015",
      ]
    }
    height={900}
    loop={true}
    renderItem={[Function]}
    testID="CAROUSEL_ITEM_0_READY"
    vertical={false}
    width={750}
    withAnimation={
      {
        "config": {
          "damping": 13,
        },
        "type": "spring",
      }
    }
  />
  <View
    accessibilityRole="button"
    accessibilityState={
      {
        "busy": undefined,
        "checked": undefined,
        "disabled": undefined,
        "expanded": undefined,
        "selected": undefined,
      }
    }
    accessibilityValue={
      {
        "max": undefined,
        "min": undefined,
        "now": undefined,
        "text": undefined,
      }
    }
    accessible={true}
    collapsable={false}
    focusable={true}
    onClick={[Function]}
    onResponderGrant={[Function]}
    onResponderMove={[Function]}
    onResponderRelease={[Function]}
    onResponderTerminate={[Function]}
    onResponderTerminationRequest={[Function]}
    onStartShouldSetResponder={[Function]}
    style={
      {
        "opacity": 1,
      }
    }
  >
    <View
      style={
        [
          {},
        ]
      }
    >
      <Text
        style={
          [
            {
              "color": "#007AFF",
              "fontSize": 18,
              "margin": 8,
              "textAlign": "center",
            },
            {
              "color": "red",
            },
          ]
        }
      >
        Turn off autoplay
      </Text>
    </View>
  </View>
</View>
`;
